[0.011s][info][gc] Using Parallel
[1.022s][info][gc] GC(0) Pause Young (Allocation Failure) 4096M->2747M(15701M) 516.557ms
[2.758s][info][gc] GC(1) Pause Young (Allocation Failure) 6843M->6146M(19797M) 734.892ms
[12.371s][info][gc] GC(2) Pause Young (Allocation Failure) 14338M->6722M(19797M) 191.065ms
[16.231s][info][gc] GC(3) Pause Young (Allocation Failure) 14914M->7406M(21163M) 218.355ms
[20.007s][info][gc] GC(4) Pause Young (Allocation Failure) 16964M->8571M(21163M) 397.131ms
[21.166s][info][gc] GC(5) Pause Full (Ergonomics) 8571M->7010M(19939M) 1157.997ms
[22.319s][info][gc] GC(6) Pause Young (Allocation Failure) 10651M->8423M(22897M) 201.998ms
[23.674s][info][gc] GC(7) Pause Young (Allocation Failure) 12064M->8595M(22344M) 231.555ms
[24.958s][info][gc] GC(8) Pause Young (Allocation Failure) 12286M->9858M(22645M) 397.115ms
[26.349s][info][gc] GC(9) Pause Young (Allocation Failure) 13548M->10171M(23020M) 450.267ms
[27.744s][info][gc] GC(10) Pause Young (Allocation Failure) 13989M->11308M(20884M) 494.564ms
[29.050s][info][gc] GC(11) Pause Young (Allocation Failure) 15127M->11469M(22730M) 329.855ms
[30.050s][info][gc] GC(12) Pause Young (Allocation Failure) 15231M->12770M(22842M) 221.938ms
[31.437s][info][gc] GC(13) Pause Young (Allocation Failure) 16531M->13198M(23030M) 356.729ms
[32.841s][info][gc] GC(14) Pause Young (Allocation Failure) 17283M->14210M(23047M) 255.643ms
[34.480s][info][gc] GC(15) Pause Full (Ergonomics) 14210M->9409M(25898M) 1639.021ms
[35.737s][info][gc] GC(16) Pause Young (Allocation Failure) 13655M->10400M(25898M) 169.803ms
[37.114s][info][gc] GC(17) Pause Young (Allocation Failure) 14646M->10850M(26017M) 208.761ms
[39.007s][info][gc] GC(18) Pause Young (Allocation Failure) 15326M->11730M(25997M) 179.633ms
[40.660s][info][gc] GC(19) Pause Young (Allocation Failure) 16206M->12940M(26031M) 289.506ms
[42.330s][info][gc] GC(20) Pause Young (Allocation Failure) 17773M->13730M(26068M) 337.765ms
[43.942s][info][gc] GC(21) Pause Young (Allocation Failure) 18562M->14463M(26417M) 263.640ms
[45.735s][info][gc] GC(22) Pause Young (Allocation Failure) 19835M->15552M(26448M) 353.205ms
[47.744s][info][gc] GC(23) Pause Young (Allocation Failure) 20924M->16610M(26547M) 446.368ms
[50.255s][info][gc] GC(24) Pause Young (Allocation Failure) 22360M->17864M(26560M) 972.582ms
[52.316s][info][gc] GC(25) Pause Full (Ergonomics) 17864M->12227M(29992M) 2060.843ms
[54.186s][info][gc] GC(26) Pause Young (Allocation Failure) 18381M->13277M(29992M) 158.126ms
[56.260s][info][gc] GC(27) Pause Young (Allocation Failure) 19431M->14531M(30032M) 355.093ms
[58.774s][info][gc] GC(28) Pause Young (Allocation Failure) 20826M->15452M(30038M) 336.417ms
[69.773s][info][gc] GC(29) Pause Young (Allocation Failure) 21746M->17201M(29673M) 582.765ms
[72.348s][info][gc] GC(30) Pause Young (Allocation Failure) 23112M->19990M(29945M) 1007.456ms
[75.854s][info][gc] GC(31) Pause Young (Allocation Failure) 25901M->22791M(28773M) 1908.670ms
[85.179s][info][gc] GC(32) Pause Full (Ergonomics) 22791M->13848M(29676M) 9325.027ms
[86.884s][info][gc] GC(33) Pause Young (Allocation Failure) 18587M->16106M(29449M) 272.182ms
[88.686s][info][gc] GC(34) Pause Young (Allocation Failure) 20618M->18240M(28503M) 545.632ms
[90.537s][info][gc] GC(35) Pause Young (Allocation Failure) 22752M->20375M(29475M) 593.449ms
[93.343s][info][gc] GC(36) Pause Young (Allocation Failure) 24758M->22396M(28263M) 1542.906ms
[95.756s][info][gc] GC(37) Pause Full (Ergonomics) 22396M->13833M(29487M) 2412.393ms
[97.385s][info][gc] GC(38) Pause Young (Allocation Failure) 18235M->15924M(29487M) 276.167ms
[99.172s][info][gc] GC(39) Pause Young (Allocation Failure) 20329M->18010M(29506M) 543.189ms
[100.961s][info][gc] GC(40) Pause Young (Allocation Failure) 22482M->20127M(29510M) 513.722ms
[102.720s][info][gc] GC(41) Pause Young (Allocation Failure) 24596M->22240M(29538M) 494.502ms
[105.164s][info][gc] GC(42) Pause Full (Ergonomics) 22240M->13847M(29550M) 2444.319ms
[106.712s][info][gc] GC(43) Pause Young (Allocation Failure) 18399M->16017M(29581M) 265.026ms
[108.627s][info][gc] GC(44) Pause Young (Allocation Failure) 20632M->18193M(29598M) 580.137ms
[110.550s][info][gc] GC(45) Pause Young (Allocation Failure) 22807M->20381M(29587M) 503.905ms
[112.543s][info][gc] GC(46) Pause Young (Allocation Failure) 25044M->22588M(29611M) 597.794ms
[114.932s][info][gc] GC(47) Pause Full (Ergonomics) 22588M->13847M(29660M) 2389.087ms
[116.675s][info][gc] GC(48) Pause Young (Allocation Failure) 18577M->16090M(29668M) 321.464ms
[118.556s][info][gc] GC(49) Pause Young (Allocation Failure) 20829M->18336M(29663M) 501.820ms
[120.507s][info][gc] GC(50) Pause Young (Allocation Failure) 23098M->20592M(29671M) 590.246ms
[122.828s][info][gc] GC(51) Pause Full (Ergonomics) 20592M->13843M(29703M) 2321.241ms
[124.611s][info][gc] GC(52) Pause Young (Allocation Failure) 18651M->16132M(29703M) 327.923ms
[127.150s][info][gc] GC(53) Pause Young (Allocation Failure) 20948M->18408M(29700M) 554.969ms
[129.690s][info][gc] GC(54) Pause Young (Allocation Failure) 23247M->20700M(29707M) 595.417ms
[132.218s][info][gc] GC(55) Pause Full (Ergonomics) 20700M->13839M(29749M) 2528.153ms
[134.609s][info][gc] GC(56) Pause Young (Allocation Failure) 18741M->16171M(29749M) 329.031ms
[137.168s][info][gc] GC(57) Pause Young (Allocation Failure) 21075M->18494M(29330M) 545.852ms
[148.571s][info][gc] GC(58) Pause Young (Allocation Failure) 22985M->20620M(29548M) 9546.814ms
[161.953s][info][gc] GC(59) Pause Young (Allocation Failure) 25116M->22746M(29206M) 11649.673ms
[164.409s][info][gc] GC(60) Pause Full (Ergonomics) 22746M->13838M(29377M) 2455.957ms
